-- Install configuration: ""
-- Execute custom install script
-- Up-to-date symlink: /home/hemanthros/scara_robot_ws/scara_ws/install/scara_robot/share/scara_robot/urdf/SCARA URDF.csv
-- Up-to-date symlink: /home/hemanthros/scara_robot_ws/scara_ws/install/scara_robot/share/scara_robot/urdf/SCARA URDF.urdf
-- Up-to-date symlink: /home/hemanthros/scara_robot_ws/scara_ws/install/scara_robot/share/scara_robot/urdf/SCARA URDF_backup.urdf
-- Up-to-date symlink: /home/hemanthros/scara_robot_ws/scara_ws/install/scara_robot/share/scara_robot/urdf/SCARA URDF_original.urdf
-- Up-to-date symlink: /home/hemanthros/scara_robot_ws/scara_ws/install/scara_robot/share/scara_robot/urdf/scara.urdf.xacro
-- Up-to-date symlink: /home/hemanthros/scara_robot_ws/scara_ws/install/scara_robot/share/scara_robot/urdf/scara_gazebo.xacro
-- Up-to-date symlink: /home/hemanthros/scara_robot_ws/scara_ws/install/scara_robot/share/scara_robot/urdf/scara_ros2_control.xacro
-- Up-to-date symlink: /home/hemanthros/scara_robot_ws/scara_ws/install/scara_robot/share/scara_robot/meshes/1st_Link.STL
-- Up-to-date symlink: /home/hemanthros/scara_robot_ws/scara_ws/install/scara_robot/share/scara_robot/meshes/2nd_Link.STL
-- Up-to-date symlink: /home/hemanthros/scara_robot_ws/scara_ws/install/scara_robot/share/scara_robot/meshes/3rd_Link.STL
-- Up-to-date symlink: /home/hemanthros/scara_robot_ws/scara_ws/install/scara_robot/share/scara_robot/meshes/4th_Link.STL
-- Up-to-date symlink: /home/hemanthros/scara_robot_ws/scara_ws/install/scara_robot/share/scara_robot/meshes/Arduino UNO case p1.SLDPRT
-- Up-to-date symlink: /home/hemanthros/scara_robot_ws/scara_ws/install/scara_robot/share/scara_robot/meshes/Arduino UNO case p2.SLDPRT
-- Up-to-date symlink: /home/hemanthros/scara_robot_ws/scara_ws/install/scara_robot/share/scara_robot/meshes/Arm 1 Cover.SLDPRT
-- Up-to-date symlink: /home/hemanthros/scara_robot_ws/scara_ws/install/scara_robot/share/scara_robot/meshes/Arm 1.SLDPRT
-- Up-to-date symlink: /home/hemanthros/scara_robot_ws/scara_ws/install/scara_robot/share/scara_robot/meshes/Arm 2 Cover.SLDPRT
-- Up-to-date symlink: /home/hemanthros/scara_robot_ws/scara_ws/install/scara_robot/share/scara_robot/meshes/Arm 2.SLDPRT
-- Up-to-date symlink: /home/hemanthros/scara_robot_ws/scara_ws/install/scara_robot/share/scara_robot/meshes/Ball Bearing 30x42x7mm.SLDPRT
-- Up-to-date symlink: /home/hemanthros/scara_robot_ws/scara_ws/install/scara_robot/share/scara_robot/meshes/Ball Bearing 35x47x7mm.SLDPRT
-- Up-to-date symlink: /home/hemanthros/scara_robot_ws/scara_ws/install/scara_robot/share/scara_robot/meshes/Ball Bearing 608 - 8x22x7mm.SLDPRT
-- Up-to-date symlink: /home/hemanthros/scara_robot_ws/scara_ws/install/scara_robot/share/scara_robot/meshes/Base cover.SLDPRT
-- Up-to-date symlink: /home/hemanthros/scara_robot_ws/scara_ws/install/scara_robot/share/scara_robot/meshes/Base.SLDPRT
-- Up-to-date symlink: /home/hemanthros/scara_robot_ws/scara_ws/install/scara_robot/share/scara_robot/meshes/GT2 Belt 200mm.SLDPRT
-- Up-to-date symlink: /home/hemanthros/scara_robot_ws/scara_ws/install/scara_robot/share/scara_robot/meshes/GT2 Belt 300mm 2.SLDPRT
-- Up-to-date symlink: /home/hemanthros/scara_robot_ws/scara_ws/install/scara_robot/share/scara_robot/meshes/GT2 Belt 300mm.SLDPRT
-- Up-to-date symlink: /home/hemanthros/scara_robot_ws/scara_ws/install/scara_robot/share/scara_robot/meshes/GT2 Belt 400mm 2.SLDPRT
-- Up-to-date symlink: /home/hemanthros/scara_robot_ws/scara_ws/install/scara_robot/share/scara_robot/meshes/GT2 Belt 400mm.SLDPRT
-- Up-to-date symlink: /home/hemanthros/scara_robot_ws/scara_ws/install/scara_robot/share/scara_robot/meshes/GT2 Pulley - 110 teeth - J1.SLDPRT
-- Up-to-date symlink: /home/hemanthros/scara_robot_ws/scara_ws/install/scara_robot/share/scara_robot/meshes/GT2 Pulley - 22 - 80 teeth.SLDPRT
-- Up-to-date symlink: /home/hemanthros/scara_robot_ws/scara_ws/install/scara_robot/share/scara_robot/meshes/GT2 Pulley - 23 - 80 teeth.SLDPRT
-- Up-to-date symlink: /home/hemanthros/scara_robot_ws/scara_ws/install/scara_robot/share/scara_robot/meshes/GT2 Pulley - 90 teeth - J3.SLDPRT
-- Up-to-date symlink: /home/hemanthros/scara_robot_ws/scara_ws/install/scara_robot/share/scara_robot/meshes/GT2 Pulley - 92 teeth - J2.SLDPRT
-- Up-to-date symlink: /home/hemanthros/scara_robot_ws/scara_ws/install/scara_robot/share/scara_robot/meshes/GT2 Pulley - Parametric.SLDPRT
-- Up-to-date symlink: /home/hemanthros/scara_robot_ws/scara_ws/install/scara_robot/share/scara_robot/meshes/Gripper Cover.SLDPRT
-- Up-to-date symlink: /home/hemanthros/scara_robot_ws/scara_ws/install/scara_robot/share/scara_robot/meshes/Gripper End.SLDPRT
-- Up-to-date symlink: /home/hemanthros/scara_robot_ws/scara_ws/install/scara_robot/share/scara_robot/meshes/Gripper Hand Left.SLDPRT
-- Up-to-date symlink: /home/hemanthros/scara_robot_ws/scara_ws/install/scara_robot/share/scara_robot/meshes/Gripper Hand Right.SLDPRT
-- Up-to-date symlink: /home/hemanthros/scara_robot_ws/scara_ws/install/scara_robot/share/scara_robot/meshes/Gripper Mechanism Slider.SLDPRT
-- Up-to-date symlink: /home/hemanthros/scara_robot_ws/scara_ws/install/scara_robot/share/scara_robot/meshes/Gripper Mechanism.SLDASM
-- Up-to-date symlink: /home/hemanthros/scara_robot_ws/scara_ws/install/scara_robot/share/scara_robot/meshes/Gripper link 1.SLDPRT
-- Up-to-date symlink: /home/hemanthros/scara_robot_ws/scara_ws/install/scara_robot/share/scara_robot/meshes/Gripper link 2.SLDPRT
-- Up-to-date symlink: /home/hemanthros/scara_robot_ws/scara_ws/install/scara_robot/share/scara_robot/meshes/Gripper rail 6mm.SLDPRT
-- Up-to-date symlink: /home/hemanthros/scara_robot_ws/scara_ws/install/scara_robot/share/scara_robot/meshes/Gripper to J3 connector.SLDPRT
-- Up-to-date symlink: /home/hemanthros/scara_robot_ws/scara_ws/install/scara_robot/share/scara_robot/meshes/J1 coupler.SLDPRT
-- Up-to-date symlink: /home/hemanthros/scara_robot_ws/scara_ws/install/scara_robot/share/scara_robot/meshes/J2 Coupler.SLDPRT
-- Up-to-date symlink: /home/hemanthros/scara_robot_ws/scara_ws/install/scara_robot/share/scara_robot/meshes/J3 Coupler.SLDPRT
-- Up-to-date symlink: /home/hemanthros/scara_robot_ws/scara_ws/install/scara_robot/share/scara_robot/meshes/Lead Screw D8mm L380mm.SLDPRT
-- Up-to-date symlink: /home/hemanthros/scara_robot_ws/scara_ws/install/scara_robot/share/scara_robot/meshes/Lead Screw Nut 8mm.SLDPRT
-- Up-to-date symlink: /home/hemanthros/scara_robot_ws/scara_ws/install/scara_robot/share/scara_robot/meshes/Linear Bearing 10x19x29mm.SLDPRT
-- Up-to-date symlink: /home/hemanthros/scara_robot_ws/scara_ws/install/scara_robot/share/scara_robot/meshes/M4 50mm - Bolts.SLDPRT
-- Up-to-date symlink: /home/hemanthros/scara_robot_ws/scara_ws/install/scara_robot/share/scara_robot/meshes/M4 50mm - Bolts.step
-- Up-to-date symlink: /home/hemanthros/scara_robot_ws/scara_ws/install/scara_robot/share/scara_robot/meshes/M4 60mm - Bolts.SLDPRT
-- Up-to-date symlink: /home/hemanthros/scara_robot_ws/scara_ws/install/scara_robot/share/scara_robot/meshes/M4 60mm - Bolts.step
-- Up-to-date symlink: /home/hemanthros/scara_robot_ws/scara_ws/install/scara_robot/share/scara_robot/meshes/M4 Lock nut.SLDPRT
-- Up-to-date symlink: /home/hemanthros/scara_robot_ws/scara_ws/install/scara_robot/share/scara_robot/meshes/M4 Lock nut.step
-- Up-to-date symlink: /home/hemanthros/scara_robot_ws/scara_ws/install/scara_robot/share/scara_robot/meshes/M8 45mm - Bolts.SLDPRT
-- Up-to-date symlink: /home/hemanthros/scara_robot_ws/scara_ws/install/scara_robot/share/scara_robot/meshes/M8 45mm - Bolts.step
-- Up-to-date symlink: /home/hemanthros/scara_robot_ws/scara_ws/install/scara_robot/share/scara_robot/meshes/M8 Lock nut.SLDPRT
-- Up-to-date symlink: /home/hemanthros/scara_robot_ws/scara_ws/install/scara_robot/share/scara_robot/meshes/M8 Lock nut.step
-- Up-to-date symlink: /home/hemanthros/scara_robot_ws/scara_ws/install/scara_robot/share/scara_robot/meshes/M8 Washer.SLDPRT
-- Up-to-date symlink: /home/hemanthros/scara_robot_ws/scara_ws/install/scara_robot/share/scara_robot/meshes/Micro switch.SLDPRT
-- Up-to-date symlink: /home/hemanthros/scara_robot_ws/scara_ws/install/scara_robot/share/scara_robot/meshes/Micro switch.step
-- Up-to-date symlink: /home/hemanthros/scara_robot_ws/scara_ws/install/scara_robot/share/scara_robot/meshes/NEMA 17 Stepper L24mm - 20mm shaft.SLDPRT
-- Up-to-date symlink: /home/hemanthros/scara_robot_ws/scara_ws/install/scara_robot/share/scara_robot/meshes/NEMA 17 Stepper L24mm - 20mm shaft.step
-- Up-to-date symlink: /home/hemanthros/scara_robot_ws/scara_ws/install/scara_robot/share/scara_robot/meshes/SCARA Robot With Controlled Motion URDF.SLDASM
-- Up-to-date symlink: /home/hemanthros/scara_robot_ws/scara_ws/install/scara_robot/share/scara_robot/meshes/SCARA Robot With Controlled Motion.SLDASM
-- Up-to-date symlink: /home/hemanthros/scara_robot_ws/scara_ws/install/scara_robot/share/scara_robot/meshes/SCARA Robot.SLDASM
-- Up-to-date symlink: /home/hemanthros/scara_robot_ws/scara_ws/install/scara_robot/share/scara_robot/meshes/Servo Holder.SLDPRT
-- Up-to-date symlink: /home/hemanthros/scara_robot_ws/scara_ws/install/scara_robot/share/scara_robot/meshes/Servo MG996R Horn.SLDPRT
-- Up-to-date symlink: /home/hemanthros/scara_robot_ws/scara_ws/install/scara_robot/share/scara_robot/meshes/Servo MG996R Horn.step
-- Up-to-date symlink: /home/hemanthros/scara_robot_ws/scara_ws/install/scara_robot/share/scara_robot/meshes/Servo Motor MG996R 3D Model.SLDPRT
-- Up-to-date symlink: /home/hemanthros/scara_robot_ws/scara_ws/install/scara_robot/share/scara_robot/meshes/Servo Motor MG996R 3D Model.step
-- Up-to-date symlink: /home/hemanthros/scara_robot_ws/scara_ws/install/scara_robot/share/scara_robot/meshes/Smooth Rod Clamp.SLDPRT
-- Up-to-date symlink: /home/hemanthros/scara_robot_ws/scara_ws/install/scara_robot/share/scara_robot/meshes/Smooth Rod D10mm L400mm.SLDPRT
-- Up-to-date symlink: /home/hemanthros/scara_robot_ws/scara_ws/install/scara_robot/share/scara_robot/meshes/Stepper NEMA 17 -  20mm shaft.SLDPRT
-- Up-to-date symlink: /home/hemanthros/scara_robot_ws/scara_ws/install/scara_robot/share/scara_robot/meshes/Stepper NEMA 17 -  20mm shaft.step
-- Up-to-date symlink: /home/hemanthros/scara_robot_ws/scara_ws/install/scara_robot/share/scara_robot/meshes/Thrust Bearing - 40x60x13.SLDPRT
-- Up-to-date symlink: /home/hemanthros/scara_robot_ws/scara_ws/install/scara_robot/share/scara_robot/meshes/Thrust Bearing 35x52x12mm.SLDPRT
-- Up-to-date symlink: /home/hemanthros/scara_robot_ws/scara_ws/install/scara_robot/share/scara_robot/meshes/Top cover.SLDPRT
-- Up-to-date symlink: /home/hemanthros/scara_robot_ws/scara_ws/install/scara_robot/share/scara_robot/meshes/Wide gripper end - Left side.SLDPRT
-- Up-to-date symlink: /home/hemanthros/scara_robot_ws/scara_ws/install/scara_robot/share/scara_robot/meshes/Wide gripper end.SLDPRT
-- Up-to-date symlink: /home/hemanthros/scara_robot_ws/scara_ws/install/scara_robot/share/scara_robot/meshes/Z-axis Bottom Plate.SLDPRT
-- Up-to-date symlink: /home/hemanthros/scara_robot_ws/scara_ws/install/scara_robot/share/scara_robot/meshes/Z-axis Mount Platform.SLDPRT
-- Up-to-date symlink: /home/hemanthros/scara_robot_ws/scara_ws/install/scara_robot/share/scara_robot/meshes/Z-axis Top Plate.SLDPRT
-- Up-to-date symlink: /home/hemanthros/scara_robot_ws/scara_ws/install/scara_robot/share/scara_robot/meshes/base_link.STL
-- Up-to-date symlink: /home/hemanthros/scara_robot_ws/scara_ws/install/scara_robot/share/scara_robot/meshes/left_finger_Link.STL
-- Up-to-date symlink: /home/hemanthros/scara_robot_ws/scara_ws/install/scara_robot/share/scara_robot/meshes/right_finger_Link.STL
-- Up-to-date symlink: /home/hemanthros/scara_robot_ws/scara_ws/install/scara_robot/share/scara_robot/config/joint_names_SCARA URDF.yaml
-- Up-to-date symlink: /home/hemanthros/scara_robot_ws/scara_ws/install/scara_robot/share/scara_robot/config/scara_controllers.yaml
-- Up-to-date symlink: /home/hemanthros/scara_robot_ws/scara_ws/install/scara_robot/share/scara_robot/launch/gazebo.launch.py
-- Up-to-date symlink: /home/hemanthros/scara_robot_ws/scara_ws/install/scara_robot/share/scara_robot/launch/scara_gazebo.launch.py
-- Up-to-date symlink: /home/hemanthros/scara_robot_ws/scara_ws/install/scara_robot/share/scara_robot/worlds/scara.world.sdf
-- Up-to-date symlink: /home/hemanthros/scara_robot_ws/scara_ws/install/scara_robot/share/ament_index/resource_index/package_run_dependencies/scara_robot
-- Up-to-date symlink: /home/hemanthros/scara_robot_ws/scara_ws/install/scara_robot/share/ament_index/resource_index/parent_prefix_path/scara_robot
-- Up-to-date symlink: /home/hemanthros/scara_robot_ws/scara_ws/install/scara_robot/share/scara_robot/environment/ament_prefix_path.sh
-- Up-to-date symlink: /home/hemanthros/scara_robot_ws/scara_ws/install/scara_robot/share/scara_robot/environment/ament_prefix_path.dsv
-- Up-to-date symlink: /home/hemanthros/scara_robot_ws/scara_ws/install/scara_robot/share/scara_robot/environment/path.sh
-- Up-to-date symlink: /home/hemanthros/scara_robot_ws/scara_ws/install/scara_robot/share/scara_robot/environment/path.dsv
-- Up-to-date symlink: /home/hemanthros/scara_robot_ws/scara_ws/install/scara_robot/share/scara_robot/local_setup.bash
-- Up-to-date symlink: /home/hemanthros/scara_robot_ws/scara_ws/install/scara_robot/share/scara_robot/local_setup.sh
-- Up-to-date symlink: /home/hemanthros/scara_robot_ws/scara_ws/install/scara_robot/share/scara_robot/local_setup.zsh
-- Up-to-date symlink: /home/hemanthros/scara_robot_ws/scara_ws/install/scara_robot/share/scara_robot/local_setup.dsv
-- Symlinking: /home/hemanthros/scara_robot_ws/scara_ws/install/scara_robot/share/scara_robot/package.dsv
-- Up-to-date symlink: /home/hemanthros/scara_robot_ws/scara_ws/install/scara_robot/share/ament_index/resource_index/packages/scara_robot
-- Up-to-date symlink: /home/hemanthros/scara_robot_ws/scara_ws/install/scara_robot/share/scara_robot/cmake/scara_robotConfig.cmake
-- Up-to-date symlink: /home/hemanthros/scara_robot_ws/scara_ws/install/scara_robot/share/scara_robot/cmake/scara_robotConfig-version.cmake
-- Up-to-date symlink: /home/hemanthros/scara_robot_ws/scara_ws/install/scara_robot/share/scara_robot/package.xml
