[0.008s] Invoking command in '/home/hemanthros/scara_robot_ws/scara_ws/build/scara_robot': CMAKE_PREFIX_PATH=/opt/ros/humble /usr/bin/cmake --build /home/hemanthros/scara_robot_ws/scara_ws/build/scara_robot -- -j16 -l16
[0.041s] Invoked command in '/home/hemanthros/scara_robot_ws/scara_ws/build/scara_robot' returned '0': CMAKE_PREFIX_PATH=/opt/ros/humble /usr/bin/cmake --build /home/hemanthros/scara_robot_ws/scara_ws/build/scara_robot -- -j16 -l16
[0.050s] Invoking command in '/home/hemanthros/scara_robot_ws/scara_ws/build/scara_robot': CMAKE_PREFIX_PATH=/opt/ros/humble /usr/bin/cmake --install /home/hemanthros/scara_robot_ws/scara_ws/build/scara_robot
[0.057s] -- Install configuration: ""
[0.058s] -- Execute custom install script
[0.058s] -- Up-to-date symlink: /home/hemanthros/scara_robot_ws/scara_ws/install/scara_robot/share/scara_robot/urdf/SCARA URDF.csv
[0.058s] -- Up-to-date symlink: /home/hemanthros/scara_robot_ws/scara_ws/install/scara_robot/share/scara_robot/urdf/SCARA URDF.urdf
[0.059s] -- Up-to-date symlink: /home/hemanthros/scara_robot_ws/scara_ws/install/scara_robot/share/scara_robot/urdf/SCARA URDF_backup.urdf
[0.059s] -- Up-to-date symlink: /home/hemanthros/scara_robot_ws/scara_ws/install/scara_robot/share/scara_robot/urdf/SCARA URDF_original.urdf
[0.059s] -- Up-to-date symlink: /home/hemanthros/scara_robot_ws/scara_ws/install/scara_robot/share/scara_robot/urdf/scara.urdf.xacro
[0.059s] -- Up-to-date symlink: /home/hemanthros/scara_robot_ws/scara_ws/install/scara_robot/share/scara_robot/urdf/scara_gazebo.xacro
[0.059s] -- Up-to-date symlink: /home/hemanthros/scara_robot_ws/scara_ws/install/scara_robot/share/scara_robot/urdf/scara_ros2_control.xacro
[0.060s] -- Up-to-date symlink: /home/hemanthros/scara_robot_ws/scara_ws/install/scara_robot/share/scara_robot/meshes/1st_Link.STL
[0.060s] -- Up-to-date symlink: /home/hemanthros/scara_robot_ws/scara_ws/install/scara_robot/share/scara_robot/meshes/2nd_Link.STL
[0.060s] -- Up-to-date symlink: /home/hemanthros/scara_robot_ws/scara_ws/install/scara_robot/share/scara_robot/meshes/3rd_Link.STL
[0.060s] -- Up-to-date symlink: /home/hemanthros/scara_robot_ws/scara_ws/install/scara_robot/share/scara_robot/meshes/4th_Link.STL
[0.060s] -- Up-to-date symlink: /home/hemanthros/scara_robot_ws/scara_ws/install/scara_robot/share/scara_robot/meshes/Arduino UNO case p1.SLDPRT
[0.060s] -- Up-to-date symlink: /home/hemanthros/scara_robot_ws/scara_ws/install/scara_robot/share/scara_robot/meshes/Arduino UNO case p2.SLDPRT
[0.061s] -- Up-to-date symlink: /home/hemanthros/scara_robot_ws/scara_ws/install/scara_robot/share/scara_robot/meshes/Arm 1 Cover.SLDPRT
[0.061s] -- Up-to-date symlink: /home/hemanthros/scara_robot_ws/scara_ws/install/scara_robot/share/scara_robot/meshes/Arm 1.SLDPRT
[0.061s] -- Up-to-date symlink: /home/hemanthros/scara_robot_ws/scara_ws/install/scara_robot/share/scara_robot/meshes/Arm 2 Cover.SLDPRT
[0.061s] -- Up-to-date symlink: /home/hemanthros/scara_robot_ws/scara_ws/install/scara_robot/share/scara_robot/meshes/Arm 2.SLDPRT
[0.061s] -- Up-to-date symlink: /home/hemanthros/scara_robot_ws/scara_ws/install/scara_robot/share/scara_robot/meshes/Ball Bearing 30x42x7mm.SLDPRT
[0.061s] -- Up-to-date symlink: /home/hemanthros/scara_robot_ws/scara_ws/install/scara_robot/share/scara_robot/meshes/Ball Bearing 35x47x7mm.SLDPRT
[0.061s] -- Up-to-date symlink: /home/hemanthros/scara_robot_ws/scara_ws/install/scara_robot/share/scara_robot/meshes/Ball Bearing 608 - 8x22x7mm.SLDPRT
[0.061s] -- Up-to-date symlink: /home/hemanthros/scara_robot_ws/scara_ws/install/scara_robot/share/scara_robot/meshes/Base cover.SLDPRT
[0.061s] -- Up-to-date symlink: /home/hemanthros/scara_robot_ws/scara_ws/install/scara_robot/share/scara_robot/meshes/Base.SLDPRT
[0.061s] -- Up-to-date symlink: /home/hemanthros/scara_robot_ws/scara_ws/install/scara_robot/share/scara_robot/meshes/GT2 Belt 200mm.SLDPRT
[0.061s] -- Up-to-date symlink: /home/hemanthros/scara_robot_ws/scara_ws/install/scara_robot/share/scara_robot/meshes/GT2 Belt 300mm 2.SLDPRT
[0.062s] -- Up-to-date symlink: /home/hemanthros/scara_robot_ws/scara_ws/install/scara_robot/share/scara_robot/meshes/GT2 Belt 300mm.SLDPRT
[0.062s] -- Up-to-date symlink: /home/hemanthros/scara_robot_ws/scara_ws/install/scara_robot/share/scara_robot/meshes/GT2 Belt 400mm 2.SLDPRT
[0.062s] -- Up-to-date symlink: /home/hemanthros/scara_robot_ws/scara_ws/install/scara_robot/share/scara_robot/meshes/GT2 Belt 400mm.SLDPRT
[0.062s] -- Up-to-date symlink: /home/hemanthros/scara_robot_ws/scara_ws/install/scara_robot/share/scara_robot/meshes/GT2 Pulley - 110 teeth - J1.SLDPRT
[0.062s] -- Up-to-date symlink: /home/hemanthros/scara_robot_ws/scara_ws/install/scara_robot/share/scara_robot/meshes/GT2 Pulley - 22 - 80 teeth.SLDPRT
[0.062s] -- Up-to-date symlink: /home/hemanthros/scara_robot_ws/scara_ws/install/scara_robot/share/scara_robot/meshes/GT2 Pulley - 23 - 80 teeth.SLDPRT
[0.062s] -- Up-to-date symlink: /home/hemanthros/scara_robot_ws/scara_ws/install/scara_robot/share/scara_robot/meshes/GT2 Pulley - 90 teeth - J3.SLDPRT
[0.063s] -- Up-to-date symlink: /home/hemanthros/scara_robot_ws/scara_ws/install/scara_robot/share/scara_robot/meshes/GT2 Pulley - 92 teeth - J2.SLDPRT
[0.063s] -- Up-to-date symlink: /home/hemanthros/scara_robot_ws/scara_ws/install/scara_robot/share/scara_robot/meshes/GT2 Pulley - Parametric.SLDPRT
[0.063s] -- Up-to-date symlink: /home/hemanthros/scara_robot_ws/scara_ws/install/scara_robot/share/scara_robot/meshes/Gripper Cover.SLDPRT
[0.063s] -- Up-to-date symlink: /home/hemanthros/scara_robot_ws/scara_ws/install/scara_robot/share/scara_robot/meshes/Gripper End.SLDPRT
[0.063s] -- Up-to-date symlink: /home/hemanthros/scara_robot_ws/scara_ws/install/scara_robot/share/scara_robot/meshes/Gripper Hand Left.SLDPRT
[0.063s] -- Up-to-date symlink: /home/hemanthros/scara_robot_ws/scara_ws/install/scara_robot/share/scara_robot/meshes/Gripper Hand Right.SLDPRT
[0.063s] -- Up-to-date symlink: /home/hemanthros/scara_robot_ws/scara_ws/install/scara_robot/share/scara_robot/meshes/Gripper Mechanism Slider.SLDPRT
[0.064s] -- Up-to-date symlink: /home/hemanthros/scara_robot_ws/scara_ws/install/scara_robot/share/scara_robot/meshes/Gripper Mechanism.SLDASM
[0.064s] -- Up-to-date symlink: /home/hemanthros/scara_robot_ws/scara_ws/install/scara_robot/share/scara_robot/meshes/Gripper link 1.SLDPRT
[0.064s] -- Up-to-date symlink: /home/hemanthros/scara_robot_ws/scara_ws/install/scara_robot/share/scara_robot/meshes/Gripper link 2.SLDPRT
[0.064s] -- Up-to-date symlink: /home/hemanthros/scara_robot_ws/scara_ws/install/scara_robot/share/scara_robot/meshes/Gripper rail 6mm.SLDPRT
[0.064s] -- Up-to-date symlink: /home/hemanthros/scara_robot_ws/scara_ws/install/scara_robot/share/scara_robot/meshes/Gripper to J3 connector.SLDPRT
[0.064s] -- Up-to-date symlink: /home/hemanthros/scara_robot_ws/scara_ws/install/scara_robot/share/scara_robot/meshes/J1 coupler.SLDPRT
[0.064s] -- Up-to-date symlink: /home/hemanthros/scara_robot_ws/scara_ws/install/scara_robot/share/scara_robot/meshes/J2 Coupler.SLDPRT
[0.064s] -- Up-to-date symlink: /home/hemanthros/scara_robot_ws/scara_ws/install/scara_robot/share/scara_robot/meshes/J3 Coupler.SLDPRT
[0.064s] -- Up-to-date symlink: /home/hemanthros/scara_robot_ws/scara_ws/install/scara_robot/share/scara_robot/meshes/Lead Screw D8mm L380mm.SLDPRT
[0.064s] -- Up-to-date symlink: /home/hemanthros/scara_robot_ws/scara_ws/install/scara_robot/share/scara_robot/meshes/Lead Screw Nut 8mm.SLDPRT
[0.064s] -- Up-to-date symlink: /home/hemanthros/scara_robot_ws/scara_ws/install/scara_robot/share/scara_robot/meshes/Linear Bearing 10x19x29mm.SLDPRT
[0.065s] -- Up-to-date symlink: /home/hemanthros/scara_robot_ws/scara_ws/install/scara_robot/share/scara_robot/meshes/M4 50mm - Bolts.SLDPRT
[0.065s] -- Up-to-date symlink: /home/hemanthros/scara_robot_ws/scara_ws/install/scara_robot/share/scara_robot/meshes/M4 50mm - Bolts.step
[0.065s] -- Up-to-date symlink: /home/hemanthros/scara_robot_ws/scara_ws/install/scara_robot/share/scara_robot/meshes/M4 60mm - Bolts.SLDPRT
[0.065s] -- Up-to-date symlink: /home/hemanthros/scara_robot_ws/scara_ws/install/scara_robot/share/scara_robot/meshes/M4 60mm - Bolts.step
[0.065s] -- Up-to-date symlink: /home/hemanthros/scara_robot_ws/scara_ws/install/scara_robot/share/scara_robot/meshes/M4 Lock nut.SLDPRT
[0.065s] -- Up-to-date symlink: /home/hemanthros/scara_robot_ws/scara_ws/install/scara_robot/share/scara_robot/meshes/M4 Lock nut.step
[0.065s] -- Up-to-date symlink: /home/hemanthros/scara_robot_ws/scara_ws/install/scara_robot/share/scara_robot/meshes/M8 45mm - Bolts.SLDPRT
[0.065s] -- Up-to-date symlink: /home/hemanthros/scara_robot_ws/scara_ws/install/scara_robot/share/scara_robot/meshes/M8 45mm - Bolts.step
[0.065s] -- Up-to-date symlink: /home/hemanthros/scara_robot_ws/scara_ws/install/scara_robot/share/scara_robot/meshes/M8 Lock nut.SLDPRT
[0.066s] -- Up-to-date symlink: /home/hemanthros/scara_robot_ws/scara_ws/install/scara_robot/share/scara_robot/meshes/M8 Lock nut.step
[0.066s] -- Up-to-date symlink: /home/hemanthros/scara_robot_ws/scara_ws/install/scara_robot/share/scara_robot/meshes/M8 Washer.SLDPRT
[0.066s] -- Up-to-date symlink: /home/hemanthros/scara_robot_ws/scara_ws/install/scara_robot/share/scara_robot/meshes/Micro switch.SLDPRT
[0.066s] -- Up-to-date symlink: /home/hemanthros/scara_robot_ws/scara_ws/install/scara_robot/share/scara_robot/meshes/Micro switch.step
[0.066s] -- Up-to-date symlink: /home/hemanthros/scara_robot_ws/scara_ws/install/scara_robot/share/scara_robot/meshes/NEMA 17 Stepper L24mm - 20mm shaft.SLDPRT
[0.066s] -- Up-to-date symlink: /home/hemanthros/scara_robot_ws/scara_ws/install/scara_robot/share/scara_robot/meshes/NEMA 17 Stepper L24mm - 20mm shaft.step
[0.066s] -- Up-to-date symlink: /home/hemanthros/scara_robot_ws/scara_ws/install/scara_robot/share/scara_robot/meshes/SCARA Robot With Controlled Motion URDF.SLDASM
[0.066s] -- Up-to-date symlink: /home/hemanthros/scara_robot_ws/scara_ws/install/scara_robot/share/scara_robot/meshes/SCARA Robot With Controlled Motion.SLDASM
[0.066s] -- Up-to-date symlink: /home/hemanthros/scara_robot_ws/scara_ws/install/scara_robot/share/scara_robot/meshes/SCARA Robot.SLDASM
[0.067s] -- Up-to-date symlink: /home/hemanthros/scara_robot_ws/scara_ws/install/scara_robot/share/scara_robot/meshes/Servo Holder.SLDPRT
[0.067s] -- Up-to-date symlink: /home/hemanthros/scara_robot_ws/scara_ws/install/scara_robot/share/scara_robot/meshes/Servo MG996R Horn.SLDPRT
[0.067s] -- Up-to-date symlink: /home/hemanthros/scara_robot_ws/scara_ws/install/scara_robot/share/scara_robot/meshes/Servo MG996R Horn.step
[0.067s] -- Up-to-date symlink: /home/hemanthros/scara_robot_ws/scara_ws/install/scara_robot/share/scara_robot/meshes/Servo Motor MG996R 3D Model.SLDPRT
[0.067s] -- Up-to-date symlink: /home/hemanthros/scara_robot_ws/scara_ws/install/scara_robot/share/scara_robot/meshes/Servo Motor MG996R 3D Model.step
[0.067s] -- Up-to-date symlink: /home/hemanthros/scara_robot_ws/scara_ws/install/scara_robot/share/scara_robot/meshes/Smooth Rod Clamp.SLDPRT
[0.067s] -- Up-to-date symlink: /home/hemanthros/scara_robot_ws/scara_ws/install/scara_robot/share/scara_robot/meshes/Smooth Rod D10mm L400mm.SLDPRT
[0.067s] -- Up-to-date symlink: /home/hemanthros/scara_robot_ws/scara_ws/install/scara_robot/share/scara_robot/meshes/Stepper NEMA 17 -  20mm shaft.SLDPRT
[0.067s] -- Up-to-date symlink: /home/hemanthros/scara_robot_ws/scara_ws/install/scara_robot/share/scara_robot/meshes/Stepper NEMA 17 -  20mm shaft.step
[0.068s] -- Up-to-date symlink: /home/hemanthros/scara_robot_ws/scara_ws/install/scara_robot/share/scara_robot/meshes/Thrust Bearing - 40x60x13.SLDPRT
[0.068s] -- Up-to-date symlink: /home/hemanthros/scara_robot_ws/scara_ws/install/scara_robot/share/scara_robot/meshes/Thrust Bearing 35x52x12mm.SLDPRT
[0.068s] -- Up-to-date symlink: /home/hemanthros/scara_robot_ws/scara_ws/install/scara_robot/share/scara_robot/meshes/Top cover.SLDPRT
[0.068s] -- Up-to-date symlink: /home/hemanthros/scara_robot_ws/scara_ws/install/scara_robot/share/scara_robot/meshes/Wide gripper end - Left side.SLDPRT
[0.068s] -- Up-to-date symlink: /home/hemanthros/scara_robot_ws/scara_ws/install/scara_robot/share/scara_robot/meshes/Wide gripper end.SLDPRT
[0.068s] -- Up-to-date symlink: /home/hemanthros/scara_robot_ws/scara_ws/install/scara_robot/share/scara_robot/meshes/Z-axis Bottom Plate.SLDPRT
[0.068s] -- Up-to-date symlink: /home/hemanthros/scara_robot_ws/scara_ws/install/scara_robot/share/scara_robot/meshes/Z-axis Mount Platform.SLDPRT
[0.068s] -- Up-to-date symlink: /home/hemanthros/scara_robot_ws/scara_ws/install/scara_robot/share/scara_robot/meshes/Z-axis Top Plate.SLDPRT
[0.068s] -- Up-to-date symlink: /home/hemanthros/scara_robot_ws/scara_ws/install/scara_robot/share/scara_robot/meshes/base_link.STL
[0.068s] -- Up-to-date symlink: /home/hemanthros/scara_robot_ws/scara_ws/install/scara_robot/share/scara_robot/meshes/left_finger_Link.STL
[0.068s] -- Up-to-date symlink: /home/hemanthros/scara_robot_ws/scara_ws/install/scara_robot/share/scara_robot/meshes/right_finger_Link.STL
[0.068s] -- Up-to-date symlink: /home/hemanthros/scara_robot_ws/scara_ws/install/scara_robot/share/scara_robot/config/joint_names_SCARA URDF.yaml
[0.069s] -- Up-to-date symlink: /home/hemanthros/scara_robot_ws/scara_ws/install/scara_robot/share/scara_robot/config/scara_controllers.yaml
[0.069s] -- Up-to-date symlink: /home/hemanthros/scara_robot_ws/scara_ws/install/scara_robot/share/scara_robot/launch/gazebo.launch.py
[0.069s] -- Up-to-date symlink: /home/hemanthros/scara_robot_ws/scara_ws/install/scara_robot/share/scara_robot/launch/scara_gazebo.launch.py
[0.069s] -- Up-to-date symlink: /home/hemanthros/scara_robot_ws/scara_ws/install/scara_robot/share/scara_robot/worlds/scara.world.sdf
[0.069s] -- Up-to-date symlink: /home/hemanthros/scara_robot_ws/scara_ws/install/scara_robot/share/ament_index/resource_index/package_run_dependencies/scara_robot
[0.069s] -- Up-to-date symlink: /home/hemanthros/scara_robot_ws/scara_ws/install/scara_robot/share/ament_index/resource_index/parent_prefix_path/scara_robot
[0.069s] -- Up-to-date symlink: /home/hemanthros/scara_robot_ws/scara_ws/install/scara_robot/share/scara_robot/environment/ament_prefix_path.sh
[0.069s] -- Up-to-date symlink: /home/hemanthros/scara_robot_ws/scara_ws/install/scara_robot/share/scara_robot/environment/ament_prefix_path.dsv
[0.069s] -- Up-to-date symlink: /home/hemanthros/scara_robot_ws/scara_ws/install/scara_robot/share/scara_robot/environment/path.sh
[0.069s] -- Up-to-date symlink: /home/hemanthros/scara_robot_ws/scara_ws/install/scara_robot/share/scara_robot/environment/path.dsv
[0.069s] -- Up-to-date symlink: /home/hemanthros/scara_robot_ws/scara_ws/install/scara_robot/share/scara_robot/local_setup.bash
[0.070s] -- Up-to-date symlink: /home/hemanthros/scara_robot_ws/scara_ws/install/scara_robot/share/scara_robot/local_setup.sh
[0.070s] -- Up-to-date symlink: /home/hemanthros/scara_robot_ws/scara_ws/install/scara_robot/share/scara_robot/local_setup.zsh
[0.070s] -- Up-to-date symlink: /home/hemanthros/scara_robot_ws/scara_ws/install/scara_robot/share/scara_robot/local_setup.dsv
[0.070s] -- Symlinking: /home/hemanthros/scara_robot_ws/scara_ws/install/scara_robot/share/scara_robot/package.dsv
[0.078s] -- Up-to-date symlink: /home/hemanthros/scara_robot_ws/scara_ws/install/scara_robot/share/ament_index/resource_index/packages/scara_robot
[0.078s] -- Up-to-date symlink: /home/hemanthros/scara_robot_ws/scara_ws/install/scara_robot/share/scara_robot/cmake/scara_robotConfig.cmake
[0.078s] -- Up-to-date symlink: /home/hemanthros/scara_robot_ws/scara_ws/install/scara_robot/share/scara_robot/cmake/scara_robotConfig-version.cmake
[0.078s] -- Up-to-date symlink: /home/hemanthros/scara_robot_ws/scara_ws/install/scara_robot/share/scara_robot/package.xml
[0.080s] Invoked command in '/home/hemanthros/scara_robot_ws/scara_ws/build/scara_robot' returned '0': CMAKE_PREFIX_PATH=/opt/ros/humble /usr/bin/cmake --install /home/hemanthros/scara_robot_ws/scara_ws/build/scara_robot
