[0.000000] (-) TimerEvent: {}
[0.000297] (scara_robot) JobQueued: {'identifier': 'scara_robot', 'dependencies': OrderedDict()}
[0.000675] (scara_robot) JobStarted: {'identifier': 'scara_robot'}
[0.005634] (scara_robot) JobProgress: {'identifier': 'scara_robot', 'progress': 'cmake'}
[0.006465] (scara_robot) JobProgress: {'identifier': 'scara_robot', 'progress': 'build'}
[0.006557] (scara_robot) Command: {'cmd': ['/usr/bin/cmake', '--build', '/home/hemanthros/scara_robot_ws/scara_ws/build/scara_robot', '--', '-j16', '-l16'], 'cwd': '/home/hemanthros/scara_robot_ws/scara_ws/build/scara_robot', 'env': OrderedDict([('LANGUAGE', 'en_IN:en'), ('USER', 'hemanthros'), ('XDG_SESSION_TYPE', 'x11'), ('SHLVL', '1'), ('LD_LIBRARY_PATH', '/usr/lib/x86_64-linux-gnu/gazebo-11/plugins:/opt/ros/humble/opt/rviz_ogre_vendor/lib:/opt/ros/humble/lib/x86_64-linux-gnu:/opt/ros/humble/lib'), ('HOME', '/home/hemanthros'), ('OLDPWD', '/home/hemanthros/scara_ws'), ('DESKTOP_SESSION', 'ubuntu'), ('ROS_PYTHON_VERSION', '3'), ('GNOME_SHELL_SESSION_MODE', 'ubuntu'), ('GTK_MODULES', 'gail:atk-bridge'), ('MANAGERPID', '1629'), ('SYSTEMD_EXEC_PID', '2029'), ('DBUS_SESSION_BUS_ADDRESS', 'unix:path=/run/user/1000/bus'), ('COLORTERM', 'truecolor'), ('TERMINATOR_DBUS_NAME', 'net.tenshu.Terminator23558193cd9818af7fe4d2c2f5bd9d00f'), ('GIO_LAUNCHED_DESKTOP_FILE_PID', '10109'), ('COLCON_PREFIX_PATH', '/home/hemanthros/scara_ws/install'), ('ROS_DISTRO', 'humble'), ('GTK_IM_MODULE', 'ibus'), ('LOGNAME', 'hemanthros'), ('JOURNAL_STREAM', '8:3874'), ('_', '/usr/bin/colcon'), ('ROS_VERSION', '2'), ('XDG_SESSION_CLASS', 'user'), ('USERNAME', 'hemanthros'), ('TERM', 'xterm-256color'), ('GNOME_DESKTOP_SESSION_ID', 'this-is-deprecated'), ('ROS_LOCALHOST_ONLY', '0'), ('WINDOWPATH', '2'), ('PATH', '/opt/ros/humble/bin:/usr/local/sbin:/usr/local/bin:/usr/sbin:/usr/bin:/sbin:/bin:/usr/games:/usr/local/games:/snap/bin:/snap/bin'), ('SESSION_MANAGER', 'local/hemanth:@/tmp/.ICE-unix/1859,unix/hemanth:/tmp/.ICE-unix/1859'), ('INVOCATION_ID', '81f09b0f38fe4f339023979079b71a6c'), ('XDG_MENU_PREFIX', 'gnome-'), ('XDG_RUNTIME_DIR', '/run/user/1000'), ('DISPLAY', ':1'), ('TERMINATOR_DBUS_PATH', '/net/tenshu/Terminator2'), ('LANG', 'en_US.UTF-8'), ('XDG_CURRENT_DESKTOP', 'ubuntu:GNOME'), ('IBUS_DISABLE_SNOOPER', '1'), ('XMODIFIERS', '@im=ibus'), ('XDG_SESSION_DESKTOP', 'ubuntu'), ('XAUTHORITY', '/run/user/1000/gdm/Xauthority'), ('SSH_AGENT_LAUNCHER', 'gnome-keyring'), ('SSH_AUTH_SOCK', '/run/user/1000/keyring/ssh'), ('AMENT_PREFIX_PATH', '/home/hemanthros/scara_ws/install/scara_robot:/opt/ros/humble'), ('SHELL', '/bin/bash'), ('TERMINATOR_UUID', 'urn:uuid:195e7c27-fa2a-4db1-a584-7f88a5e5d85a'), ('QT_ACCESSIBILITY', '1'), ('GDMSESSION', 'ubuntu'), ('GPG_AGENT_INFO', '/run/user/1000/gnupg/S.gpg-agent:0:1'), ('QT_IM_MODULE', 'ibus'), ('PWD', '/home/hemanthros/scara_robot_ws/scara_ws/build/scara_robot'), ('LC_ALL', 'en_US.UTF-8'), ('XDG_CONFIG_DIRS', '/etc/xdg/xdg-ubuntu:/etc/xdg'), ('XDG_DATA_DIRS', '/usr/share/ubuntu:/usr/share/gnome:/usr/local/share/:/usr/share/:/var/lib/snapd/desktop'), ('PYTHONPATH', '/opt/ros/humble/lib/python3.10/site-packages:/opt/ros/humble/local/lib/python3.10/dist-packages'), ('COLCON', '1'), ('VTE_VERSION', '6800'), ('CMAKE_PREFIX_PATH', '/home/hemanthros/scara_ws/install/scara_robot:/opt/ros/humble')]), 'shell': False}
[0.039668] (scara_robot) CommandEnded: {'returncode': 0}
[0.040690] (scara_robot) JobProgress: {'identifier': 'scara_robot', 'progress': 'install'}
[0.048775] (scara_robot) Command: {'cmd': ['/usr/bin/cmake', '--install', '/home/hemanthros/scara_robot_ws/scara_ws/build/scara_robot'], 'cwd': '/home/hemanthros/scara_robot_ws/scara_ws/build/scara_robot', 'env': OrderedDict([('LANGUAGE', 'en_IN:en'), ('USER', 'hemanthros'), ('XDG_SESSION_TYPE', 'x11'), ('SHLVL', '1'), ('LD_LIBRARY_PATH', '/usr/lib/x86_64-linux-gnu/gazebo-11/plugins:/opt/ros/humble/opt/rviz_ogre_vendor/lib:/opt/ros/humble/lib/x86_64-linux-gnu:/opt/ros/humble/lib'), ('HOME', '/home/hemanthros'), ('OLDPWD', '/home/hemanthros/scara_ws'), ('DESKTOP_SESSION', 'ubuntu'), ('ROS_PYTHON_VERSION', '3'), ('GNOME_SHELL_SESSION_MODE', 'ubuntu'), ('GTK_MODULES', 'gail:atk-bridge'), ('MANAGERPID', '1629'), ('SYSTEMD_EXEC_PID', '2029'), ('DBUS_SESSION_BUS_ADDRESS', 'unix:path=/run/user/1000/bus'), ('COLORTERM', 'truecolor'), ('TERMINATOR_DBUS_NAME', 'net.tenshu.Terminator23558193cd9818af7fe4d2c2f5bd9d00f'), ('GIO_LAUNCHED_DESKTOP_FILE_PID', '10109'), ('COLCON_PREFIX_PATH', '/home/hemanthros/scara_ws/install'), ('ROS_DISTRO', 'humble'), ('GTK_IM_MODULE', 'ibus'), ('LOGNAME', 'hemanthros'), ('JOURNAL_STREAM', '8:3874'), ('_', '/usr/bin/colcon'), ('ROS_VERSION', '2'), ('XDG_SESSION_CLASS', 'user'), ('USERNAME', 'hemanthros'), ('TERM', 'xterm-256color'), ('GNOME_DESKTOP_SESSION_ID', 'this-is-deprecated'), ('ROS_LOCALHOST_ONLY', '0'), ('WINDOWPATH', '2'), ('PATH', '/opt/ros/humble/bin:/usr/local/sbin:/usr/local/bin:/usr/sbin:/usr/bin:/sbin:/bin:/usr/games:/usr/local/games:/snap/bin:/snap/bin'), ('SESSION_MANAGER', 'local/hemanth:@/tmp/.ICE-unix/1859,unix/hemanth:/tmp/.ICE-unix/1859'), ('INVOCATION_ID', '81f09b0f38fe4f339023979079b71a6c'), ('XDG_MENU_PREFIX', 'gnome-'), ('XDG_RUNTIME_DIR', '/run/user/1000'), ('DISPLAY', ':1'), ('TERMINATOR_DBUS_PATH', '/net/tenshu/Terminator2'), ('LANG', 'en_US.UTF-8'), ('XDG_CURRENT_DESKTOP', 'ubuntu:GNOME'), ('IBUS_DISABLE_SNOOPER', '1'), ('XMODIFIERS', '@im=ibus'), ('XDG_SESSION_DESKTOP', 'ubuntu'), ('XAUTHORITY', '/run/user/1000/gdm/Xauthority'), ('SSH_AGENT_LAUNCHER', 'gnome-keyring'), ('SSH_AUTH_SOCK', '/run/user/1000/keyring/ssh'), ('AMENT_PREFIX_PATH', '/home/hemanthros/scara_ws/install/scara_robot:/opt/ros/humble'), ('SHELL', '/bin/bash'), ('TERMINATOR_UUID', 'urn:uuid:195e7c27-fa2a-4db1-a584-7f88a5e5d85a'), ('QT_ACCESSIBILITY', '1'), ('GDMSESSION', 'ubuntu'), ('GPG_AGENT_INFO', '/run/user/1000/gnupg/S.gpg-agent:0:1'), ('QT_IM_MODULE', 'ibus'), ('PWD', '/home/hemanthros/scara_robot_ws/scara_ws/build/scara_robot'), ('LC_ALL', 'en_US.UTF-8'), ('XDG_CONFIG_DIRS', '/etc/xdg/xdg-ubuntu:/etc/xdg'), ('XDG_DATA_DIRS', '/usr/share/ubuntu:/usr/share/gnome:/usr/local/share/:/usr/share/:/var/lib/snapd/desktop'), ('PYTHONPATH', '/opt/ros/humble/lib/python3.10/site-packages:/opt/ros/humble/local/lib/python3.10/dist-packages'), ('COLCON', '1'), ('VTE_VERSION', '6800'), ('CMAKE_PREFIX_PATH', '/home/hemanthros/scara_ws/install/scara_robot:/opt/ros/humble')]), 'shell': False}
[0.055844] (scara_robot) StdoutLine: {'line': b'-- Install configuration: ""\n'}
[0.056253] (scara_robot) StdoutLine: {'line': b'-- Execute custom install script\n'}
[0.056536] (scara_robot) StdoutLine: {'line': b'-- Up-to-date symlink: /home/hemanthros/scara_robot_ws/scara_ws/install/scara_robot/share/scara_robot/urdf/SCARA URDF.csv\n'}
[0.056670] (scara_robot) StdoutLine: {'line': b'-- Up-to-date symlink: /home/hemanthros/scara_robot_ws/scara_ws/install/scara_robot/share/scara_robot/urdf/SCARA URDF.urdf\n'}
[0.056894] (scara_robot) StdoutLine: {'line': b'-- Up-to-date symlink: /home/hemanthros/scara_robot_ws/scara_ws/install/scara_robot/share/scara_robot/urdf/SCARA URDF_backup.urdf\n'}
[0.057042] (scara_robot) StdoutLine: {'line': b'-- Up-to-date symlink: /home/hemanthros/scara_robot_ws/scara_ws/install/scara_robot/share/scara_robot/urdf/SCARA URDF_original.urdf\n'}
[0.057126] (scara_robot) StdoutLine: {'line': b'-- Up-to-date symlink: /home/hemanthros/scara_robot_ws/scara_ws/install/scara_robot/share/scara_robot/urdf/scara.urdf.xacro\n'}
[0.057210] (scara_robot) StdoutLine: {'line': b'-- Up-to-date symlink: /home/hemanthros/scara_robot_ws/scara_ws/install/scara_robot/share/scara_robot/urdf/scara_gazebo.xacro\n'}
[0.057281] (scara_robot) StdoutLine: {'line': b'-- Up-to-date symlink: /home/hemanthros/scara_robot_ws/scara_ws/install/scara_robot/share/scara_robot/urdf/scara_ros2_control.xacro\n'}
[0.057522] (scara_robot) StdoutLine: {'line': b'-- Up-to-date symlink: /home/hemanthros/scara_robot_ws/scara_ws/install/scara_robot/share/scara_robot/meshes/1st_Link.STL\n'}
[0.057633] (scara_robot) StdoutLine: {'line': b'-- Up-to-date symlink: /home/hemanthros/scara_robot_ws/scara_ws/install/scara_robot/share/scara_robot/meshes/2nd_Link.STL\n'}
[0.057730] (scara_robot) StdoutLine: {'line': b'-- Up-to-date symlink: /home/hemanthros/scara_robot_ws/scara_ws/install/scara_robot/share/scara_robot/meshes/3rd_Link.STL\n'}
[0.057795] (scara_robot) StdoutLine: {'line': b'-- Up-to-date symlink: /home/hemanthros/scara_robot_ws/scara_ws/install/scara_robot/share/scara_robot/meshes/4th_Link.STL\n'}
[0.057874] (scara_robot) StdoutLine: {'line': b'-- Up-to-date symlink: /home/hemanthros/scara_robot_ws/scara_ws/install/scara_robot/share/scara_robot/meshes/Arduino UNO case p1.SLDPRT\n'}
[0.058010] (scara_robot) StdoutLine: {'line': b'-- Up-to-date symlink: /home/hemanthros/scara_robot_ws/scara_ws/install/scara_robot/share/scara_robot/meshes/Arduino UNO case p2.SLDPRT\n'}
[0.058085] (scara_robot) StdoutLine: {'line': b'-- Up-to-date symlink: /home/hemanthros/scara_robot_ws/scara_ws/install/scara_robot/share/scara_robot/meshes/Arm 1 Cover.SLDPRT\n'}
[0.058158] (scara_robot) StdoutLine: {'line': b'-- Up-to-date symlink: /home/hemanthros/scara_robot_ws/scara_ws/install/scara_robot/share/scara_robot/meshes/Arm 1.SLDPRT\n'}
[0.058239] (scara_robot) StdoutLine: {'line': b'-- Up-to-date symlink: /home/hemanthros/scara_robot_ws/scara_ws/install/scara_robot/share/scara_robot/meshes/Arm 2 Cover.SLDPRT\n'}
[0.058316] (scara_robot) StdoutLine: {'line': b'-- Up-to-date symlink: /home/hemanthros/scara_robot_ws/scara_ws/install/scara_robot/share/scara_robot/meshes/Arm 2.SLDPRT\n'}
[0.058388] (scara_robot) StdoutLine: {'line': b'-- Up-to-date symlink: /home/hemanthros/scara_robot_ws/scara_ws/install/scara_robot/share/scara_robot/meshes/Ball Bearing 30x42x7mm.SLDPRT\n'}
[0.058458] (scara_robot) StdoutLine: {'line': b'-- Up-to-date symlink: /home/hemanthros/scara_robot_ws/scara_ws/install/scara_robot/share/scara_robot/meshes/Ball Bearing 35x47x7mm.SLDPRT\n'}
[0.058529] (scara_robot) StdoutLine: {'line': b'-- Up-to-date symlink: /home/hemanthros/scara_robot_ws/scara_ws/install/scara_robot/share/scara_robot/meshes/Ball Bearing 608 - 8x22x7mm.SLDPRT\n'}
[0.058628] (scara_robot) StdoutLine: {'line': b'-- Up-to-date symlink: /home/hemanthros/scara_robot_ws/scara_ws/install/scara_robot/share/scara_robot/meshes/Base cover.SLDPRT\n'}
[0.058749] (scara_robot) StdoutLine: {'line': b'-- Up-to-date symlink: /home/hemanthros/scara_robot_ws/scara_ws/install/scara_robot/share/scara_robot/meshes/Base.SLDPRT\n'}
[0.058821] (scara_robot) StdoutLine: {'line': b'-- Up-to-date symlink: /home/hemanthros/scara_robot_ws/scara_ws/install/scara_robot/share/scara_robot/meshes/GT2 Belt 200mm.SLDPRT\n'}
[0.058910] (scara_robot) StdoutLine: {'line': b'-- Up-to-date symlink: /home/hemanthros/scara_robot_ws/scara_ws/install/scara_robot/share/scara_robot/meshes/GT2 Belt 300mm 2.SLDPRT\n'}
[0.059021] (scara_robot) StdoutLine: {'line': b'-- Up-to-date symlink: /home/hemanthros/scara_robot_ws/scara_ws/install/scara_robot/share/scara_robot/meshes/GT2 Belt 300mm.SLDPRT\n'}
[0.059094] (scara_robot) StdoutLine: {'line': b'-- Up-to-date symlink: /home/hemanthros/scara_robot_ws/scara_ws/install/scara_robot/share/scara_robot/meshes/GT2 Belt 400mm 2.SLDPRT\n'}
[0.059165] (scara_robot) StdoutLine: {'line': b'-- Up-to-date symlink: /home/hemanthros/scara_robot_ws/scara_ws/install/scara_robot/share/scara_robot/meshes/GT2 Belt 400mm.SLDPRT\n'}
[0.059232] (scara_robot) StdoutLine: {'line': b'-- Up-to-date symlink: /home/hemanthros/scara_robot_ws/scara_ws/install/scara_robot/share/scara_robot/meshes/GT2 Pulley - 110 teeth - J1.SLDPRT\n'}
[0.059304] (scara_robot) StdoutLine: {'line': b'-- Up-to-date symlink: /home/hemanthros/scara_robot_ws/scara_ws/install/scara_robot/share/scara_robot/meshes/GT2 Pulley - 22 - 80 teeth.SLDPRT\n'}
[0.059374] (scara_robot) StdoutLine: {'line': b'-- Up-to-date symlink: /home/hemanthros/scara_robot_ws/scara_ws/install/scara_robot/share/scara_robot/meshes/GT2 Pulley - 23 - 80 teeth.SLDPRT\n'}
[0.059443] (scara_robot) StdoutLine: {'line': b'-- Up-to-date symlink: /home/hemanthros/scara_robot_ws/scara_ws/install/scara_robot/share/scara_robot/meshes/GT2 Pulley - 90 teeth - J3.SLDPRT\n'}
[0.059566] (scara_robot) StdoutLine: {'line': b'-- Up-to-date symlink: /home/hemanthros/scara_robot_ws/scara_ws/install/scara_robot/share/scara_robot/meshes/GT2 Pulley - 92 teeth - J2.SLDPRT\n'}
[0.059656] (scara_robot) StdoutLine: {'line': b'-- Up-to-date symlink: /home/hemanthros/scara_robot_ws/scara_ws/install/scara_robot/share/scara_robot/meshes/GT2 Pulley - Parametric.SLDPRT\n'}
[0.059715] (scara_robot) StdoutLine: {'line': b'-- Up-to-date symlink: /home/hemanthros/scara_robot_ws/scara_ws/install/scara_robot/share/scara_robot/meshes/Gripper Cover.SLDPRT\n'}
[0.059774] (scara_robot) StdoutLine: {'line': b'-- Up-to-date symlink: /home/hemanthros/scara_robot_ws/scara_ws/install/scara_robot/share/scara_robot/meshes/Gripper End.SLDPRT\n'}
[0.059832] (scara_robot) StdoutLine: {'line': b'-- Up-to-date symlink: /home/hemanthros/scara_robot_ws/scara_ws/install/scara_robot/share/scara_robot/meshes/Gripper Hand Left.SLDPRT\n'}
[0.059931] (scara_robot) StdoutLine: {'line': b'-- Up-to-date symlink: /home/hemanthros/scara_robot_ws/scara_ws/install/scara_robot/share/scara_robot/meshes/Gripper Hand Right.SLDPRT\n'}
[0.060004] (scara_robot) StdoutLine: {'line': b'-- Up-to-date symlink: /home/hemanthros/scara_robot_ws/scara_ws/install/scara_robot/share/scara_robot/meshes/Gripper Mechanism Slider.SLDPRT\n'}
[0.060072] (scara_robot) StdoutLine: {'line': b'-- Up-to-date symlink: /home/hemanthros/scara_robot_ws/scara_ws/install/scara_robot/share/scara_robot/meshes/Gripper Mechanism.SLDASM\n'}
[0.060140] (scara_robot) StdoutLine: {'line': b'-- Up-to-date symlink: /home/hemanthros/scara_robot_ws/scara_ws/install/scara_robot/share/scara_robot/meshes/Gripper link 1.SLDPRT\n'}
[0.060209] (scara_robot) StdoutLine: {'line': b'-- Up-to-date symlink: /home/hemanthros/scara_robot_ws/scara_ws/install/scara_robot/share/scara_robot/meshes/Gripper link 2.SLDPRT\n'}
[0.060283] (scara_robot) StdoutLine: {'line': b'-- Up-to-date symlink: /home/hemanthros/scara_robot_ws/scara_ws/install/scara_robot/share/scara_robot/meshes/Gripper rail 6mm.SLDPRT\n'}
[0.060351] (scara_robot) StdoutLine: {'line': b'-- Up-to-date symlink: /home/hemanthros/scara_robot_ws/scara_ws/install/scara_robot/share/scara_robot/meshes/Gripper to J3 connector.SLDPRT\n'}
[0.060420] (scara_robot) StdoutLine: {'line': b'-- Up-to-date symlink: /home/hemanthros/scara_robot_ws/scara_ws/install/scara_robot/share/scara_robot/meshes/J1 coupler.SLDPRT\n'}
[0.060488] (scara_robot) StdoutLine: {'line': b'-- Up-to-date symlink: /home/hemanthros/scara_robot_ws/scara_ws/install/scara_robot/share/scara_robot/meshes/J2 Coupler.SLDPRT\n'}
[0.060553] (scara_robot) StdoutLine: {'line': b'-- Up-to-date symlink: /home/hemanthros/scara_robot_ws/scara_ws/install/scara_robot/share/scara_robot/meshes/J3 Coupler.SLDPRT\n'}
[0.060611] (scara_robot) StdoutLine: {'line': b'-- Up-to-date symlink: /home/hemanthros/scara_robot_ws/scara_ws/install/scara_robot/share/scara_robot/meshes/Lead Screw D8mm L380mm.SLDPRT\n'}
[0.060668] (scara_robot) StdoutLine: {'line': b'-- Up-to-date symlink: /home/hemanthros/scara_robot_ws/scara_ws/install/scara_robot/share/scara_robot/meshes/Lead Screw Nut 8mm.SLDPRT\n'}
[0.060725] (scara_robot) StdoutLine: {'line': b'-- Up-to-date symlink: /home/hemanthros/scara_robot_ws/scara_ws/install/scara_robot/share/scara_robot/meshes/Linear Bearing 10x19x29mm.SLDPRT\n'}
[0.060783] (scara_robot) StdoutLine: {'line': b'-- Up-to-date symlink: /home/hemanthros/scara_robot_ws/scara_ws/install/scara_robot/share/scara_robot/meshes/M4 50mm - Bolts.SLDPRT\n'}
[0.060841] (scara_robot) StdoutLine: {'line': b'-- Up-to-date symlink: /home/hemanthros/scara_robot_ws/scara_ws/install/scara_robot/share/scara_robot/meshes/M4 50mm - Bolts.step\n'}
[0.060908] (scara_robot) StdoutLine: {'line': b'-- Up-to-date symlink: /home/hemanthros/scara_robot_ws/scara_ws/install/scara_robot/share/scara_robot/meshes/M4 60mm - Bolts.SLDPRT\n'}
[0.060975] (scara_robot) StdoutLine: {'line': b'-- Up-to-date symlink: /home/hemanthros/scara_robot_ws/scara_ws/install/scara_robot/share/scara_robot/meshes/M4 60mm - Bolts.step\n'}
[0.061062] (scara_robot) StdoutLine: {'line': b'-- Up-to-date symlink: /home/hemanthros/scara_robot_ws/scara_ws/install/scara_robot/share/scara_robot/meshes/M4 Lock nut.SLDPRT\n'}
[0.061218] (scara_robot) StdoutLine: {'line': b'-- Up-to-date symlink: /home/hemanthros/scara_robot_ws/scara_ws/install/scara_robot/share/scara_robot/meshes/M4 Lock nut.step\n'}
[0.061293] (scara_robot) StdoutLine: {'line': b'-- Up-to-date symlink: /home/hemanthros/scara_robot_ws/scara_ws/install/scara_robot/share/scara_robot/meshes/M8 45mm - Bolts.SLDPRT\n'}
[0.061367] (scara_robot) StdoutLine: {'line': b'-- Up-to-date symlink: /home/hemanthros/scara_robot_ws/scara_ws/install/scara_robot/share/scara_robot/meshes/M8 45mm - Bolts.step\n'}
[0.061440] (scara_robot) StdoutLine: {'line': b'-- Up-to-date symlink: /home/hemanthros/scara_robot_ws/scara_ws/install/scara_robot/share/scara_robot/meshes/M8 Lock nut.SLDPRT\n'}
[0.061508] (scara_robot) StdoutLine: {'line': b'-- Up-to-date symlink: /home/hemanthros/scara_robot_ws/scara_ws/install/scara_robot/share/scara_robot/meshes/M8 Lock nut.step\n'}
[0.061569] (scara_robot) StdoutLine: {'line': b'-- Up-to-date symlink: /home/hemanthros/scara_robot_ws/scara_ws/install/scara_robot/share/scara_robot/meshes/M8 Washer.SLDPRT\n'}
[0.061631] (scara_robot) StdoutLine: {'line': b'-- Up-to-date symlink: /home/hemanthros/scara_robot_ws/scara_ws/install/scara_robot/share/scara_robot/meshes/Micro switch.SLDPRT\n'}
[0.061693] (scara_robot) StdoutLine: {'line': b'-- Up-to-date symlink: /home/hemanthros/scara_robot_ws/scara_ws/install/scara_robot/share/scara_robot/meshes/Micro switch.step\n'}
[0.061796] (scara_robot) StdoutLine: {'line': b'-- Up-to-date symlink: /home/hemanthros/scara_robot_ws/scara_ws/install/scara_robot/share/scara_robot/meshes/NEMA 17 Stepper L24mm - 20mm shaft.SLDPRT\n'}
[0.061868] (scara_robot) StdoutLine: {'line': b'-- Up-to-date symlink: /home/hemanthros/scara_robot_ws/scara_ws/install/scara_robot/share/scara_robot/meshes/NEMA 17 Stepper L24mm - 20mm shaft.step\n'}
[0.061971] (scara_robot) StdoutLine: {'line': b'-- Up-to-date symlink: /home/hemanthros/scara_robot_ws/scara_ws/install/scara_robot/share/scara_robot/meshes/SCARA Robot With Controlled Motion URDF.SLDASM\n'}
[0.062044] (scara_robot) StdoutLine: {'line': b'-- Up-to-date symlink: /home/hemanthros/scara_robot_ws/scara_ws/install/scara_robot/share/scara_robot/meshes/SCARA Robot With Controlled Motion.SLDASM\n'}
[0.062117] (scara_robot) StdoutLine: {'line': b'-- Up-to-date symlink: /home/hemanthros/scara_robot_ws/scara_ws/install/scara_robot/share/scara_robot/meshes/SCARA Robot.SLDASM\n'}
[0.062192] (scara_robot) StdoutLine: {'line': b'-- Up-to-date symlink: /home/hemanthros/scara_robot_ws/scara_ws/install/scara_robot/share/scara_robot/meshes/Servo Holder.SLDPRT\n'}
[0.062266] (scara_robot) StdoutLine: {'line': b'-- Up-to-date symlink: /home/hemanthros/scara_robot_ws/scara_ws/install/scara_robot/share/scara_robot/meshes/Servo MG996R Horn.SLDPRT\n'}
[0.062338] (scara_robot) StdoutLine: {'line': b'-- Up-to-date symlink: /home/hemanthros/scara_robot_ws/scara_ws/install/scara_robot/share/scara_robot/meshes/Servo MG996R Horn.step\n'}
[0.062411] (scara_robot) StdoutLine: {'line': b'-- Up-to-date symlink: /home/hemanthros/scara_robot_ws/scara_ws/install/scara_robot/share/scara_robot/meshes/Servo Motor MG996R 3D Model.SLDPRT\n'}
[0.062478] (scara_robot) StdoutLine: {'line': b'-- Up-to-date symlink: /home/hemanthros/scara_robot_ws/scara_ws/install/scara_robot/share/scara_robot/meshes/Servo Motor MG996R 3D Model.step\n'}
[0.062545] (scara_robot) StdoutLine: {'line': b'-- Up-to-date symlink: /home/hemanthros/scara_robot_ws/scara_ws/install/scara_robot/share/scara_robot/meshes/Smooth Rod Clamp.SLDPRT\n'}
[0.062613] (scara_robot) StdoutLine: {'line': b'-- Up-to-date symlink: /home/hemanthros/scara_robot_ws/scara_ws/install/scara_robot/share/scara_robot/meshes/Smooth Rod D10mm L400mm.SLDPRT\n'}
[0.062675] (scara_robot) StdoutLine: {'line': b'-- Up-to-date symlink: /home/hemanthros/scara_robot_ws/scara_ws/install/scara_robot/share/scara_robot/meshes/Stepper NEMA 17 -  20mm shaft.SLDPRT\n'}
[0.062774] (scara_robot) StdoutLine: {'line': b'-- Up-to-date symlink: /home/hemanthros/scara_robot_ws/scara_ws/install/scara_robot/share/scara_robot/meshes/Stepper NEMA 17 -  20mm shaft.step\n'}
[0.062833] (scara_robot) StdoutLine: {'line': b'-- Up-to-date symlink: /home/hemanthros/scara_robot_ws/scara_ws/install/scara_robot/share/scara_robot/meshes/Thrust Bearing - 40x60x13.SLDPRT\n'}
[0.062901] (scara_robot) StdoutLine: {'line': b'-- Up-to-date symlink: /home/hemanthros/scara_robot_ws/scara_ws/install/scara_robot/share/scara_robot/meshes/Thrust Bearing 35x52x12mm.SLDPRT\n'}
[0.062968] (scara_robot) StdoutLine: {'line': b'-- Up-to-date symlink: /home/hemanthros/scara_robot_ws/scara_ws/install/scara_robot/share/scara_robot/meshes/Top cover.SLDPRT\n'}
[0.063034] (scara_robot) StdoutLine: {'line': b'-- Up-to-date symlink: /home/hemanthros/scara_robot_ws/scara_ws/install/scara_robot/share/scara_robot/meshes/Wide gripper end - Left side.SLDPRT\n'}
[0.063100] (scara_robot) StdoutLine: {'line': b'-- Up-to-date symlink: /home/hemanthros/scara_robot_ws/scara_ws/install/scara_robot/share/scara_robot/meshes/Wide gripper end.SLDPRT\n'}
[0.063172] (scara_robot) StdoutLine: {'line': b'-- Up-to-date symlink: /home/hemanthros/scara_robot_ws/scara_ws/install/scara_robot/share/scara_robot/meshes/Z-axis Bottom Plate.SLDPRT\n'}
[0.063239] (scara_robot) StdoutLine: {'line': b'-- Up-to-date symlink: /home/hemanthros/scara_robot_ws/scara_ws/install/scara_robot/share/scara_robot/meshes/Z-axis Mount Platform.SLDPRT\n'}
[0.063304] (scara_robot) StdoutLine: {'line': b'-- Up-to-date symlink: /home/hemanthros/scara_robot_ws/scara_ws/install/scara_robot/share/scara_robot/meshes/Z-axis Top Plate.SLDPRT\n'}
[0.063365] (scara_robot) StdoutLine: {'line': b'-- Up-to-date symlink: /home/hemanthros/scara_robot_ws/scara_ws/install/scara_robot/share/scara_robot/meshes/base_link.STL\n'}
[0.063430] (scara_robot) StdoutLine: {'line': b'-- Up-to-date symlink: /home/hemanthros/scara_robot_ws/scara_ws/install/scara_robot/share/scara_robot/meshes/left_finger_Link.STL\n'}
[0.063492] (scara_robot) StdoutLine: {'line': b'-- Up-to-date symlink: /home/hemanthros/scara_robot_ws/scara_ws/install/scara_robot/share/scara_robot/meshes/right_finger_Link.STL\n'}
[0.063557] (scara_robot) StdoutLine: {'line': b'-- Up-to-date symlink: /home/hemanthros/scara_robot_ws/scara_ws/install/scara_robot/share/scara_robot/config/joint_names_SCARA URDF.yaml\n'}
[0.063612] (scara_robot) StdoutLine: {'line': b'-- Up-to-date symlink: /home/hemanthros/scara_robot_ws/scara_ws/install/scara_robot/share/scara_robot/config/scara_controllers.yaml\n'}
[0.063665] (scara_robot) StdoutLine: {'line': b'-- Up-to-date symlink: /home/hemanthros/scara_robot_ws/scara_ws/install/scara_robot/share/scara_robot/launch/gazebo.launch.py\n'}
[0.063724] (scara_robot) StdoutLine: {'line': b'-- Up-to-date symlink: /home/hemanthros/scara_robot_ws/scara_ws/install/scara_robot/share/scara_robot/launch/scara_gazebo.launch.py\n'}
[0.063790] (scara_robot) StdoutLine: {'line': b'-- Up-to-date symlink: /home/hemanthros/scara_robot_ws/scara_ws/install/scara_robot/share/scara_robot/worlds/scara.world.sdf\n'}
[0.063858] (scara_robot) StdoutLine: {'line': b'-- Up-to-date symlink: /home/hemanthros/scara_robot_ws/scara_ws/install/scara_robot/share/ament_index/resource_index/package_run_dependencies/scara_robot\n'}
[0.063935] (scara_robot) StdoutLine: {'line': b'-- Up-to-date symlink: /home/hemanthros/scara_robot_ws/scara_ws/install/scara_robot/share/ament_index/resource_index/parent_prefix_path/scara_robot\n'}
[0.064012] (scara_robot) StdoutLine: {'line': b'-- Up-to-date symlink: /home/hemanthros/scara_robot_ws/scara_ws/install/scara_robot/share/scara_robot/environment/ament_prefix_path.sh\n'}
[0.064093] (scara_robot) StdoutLine: {'line': b'-- Up-to-date symlink: /home/hemanthros/scara_robot_ws/scara_ws/install/scara_robot/share/scara_robot/environment/ament_prefix_path.dsv\n'}
[0.064176] (scara_robot) StdoutLine: {'line': b'-- Up-to-date symlink: /home/hemanthros/scara_robot_ws/scara_ws/install/scara_robot/share/scara_robot/environment/path.sh\n'}
[0.064261] (scara_robot) StdoutLine: {'line': b'-- Up-to-date symlink: /home/hemanthros/scara_robot_ws/scara_ws/install/scara_robot/share/scara_robot/environment/path.dsv\n'}
[0.064328] (scara_robot) StdoutLine: {'line': b'-- Up-to-date symlink: /home/hemanthros/scara_robot_ws/scara_ws/install/scara_robot/share/scara_robot/local_setup.bash\n'}
[0.064400] (scara_robot) StdoutLine: {'line': b'-- Up-to-date symlink: /home/hemanthros/scara_robot_ws/scara_ws/install/scara_robot/share/scara_robot/local_setup.sh\n'}
[0.064473] (scara_robot) StdoutLine: {'line': b'-- Up-to-date symlink: /home/hemanthros/scara_robot_ws/scara_ws/install/scara_robot/share/scara_robot/local_setup.zsh\n'}
[0.064540] (scara_robot) StdoutLine: {'line': b'-- Up-to-date symlink: /home/hemanthros/scara_robot_ws/scara_ws/install/scara_robot/share/scara_robot/local_setup.dsv\n'}
[0.064602] (scara_robot) StdoutLine: {'line': b'-- Symlinking: /home/hemanthros/scara_robot_ws/scara_ws/install/scara_robot/share/scara_robot/package.dsv\n'}
[0.070542] (scara_robot) StdoutLine: {'line': b'-- Up-to-date symlink: /home/hemanthros/scara_robot_ws/scara_ws/install/scara_robot/share/ament_index/resource_index/packages/scara_robot\n'}
[0.070700] (scara_robot) StdoutLine: {'line': b'-- Up-to-date symlink: /home/hemanthros/scara_robot_ws/scara_ws/install/scara_robot/share/scara_robot/cmake/scara_robotConfig.cmake\n'}
[0.070761] (scara_robot) StdoutLine: {'line': b'-- Up-to-date symlink: /home/hemanthros/scara_robot_ws/scara_ws/install/scara_robot/share/scara_robot/cmake/scara_robotConfig-version.cmake\n'}
[0.070820] (scara_robot) StdoutLine: {'line': b'-- Up-to-date symlink: /home/hemanthros/scara_robot_ws/scara_ws/install/scara_robot/share/scara_robot/package.xml\n'}
[0.072294] (scara_robot) CommandEnded: {'returncode': 0}
[0.086450] (scara_robot) JobEnded: {'identifier': 'scara_robot', 'rc': 0}
[0.087093] (-) EventReactorShutdown: {}
