[0.008s] Invoking command in '/home/hemanthros/scara_robot_ws/scara_ws/build/scara_robot': CMAKE_PREFIX_PATH=/opt/ros/humble /usr/bin/cmake /home/hemanthros/scara_robot_ws/scara_ws/src/scara_robot -DAMENT_CMAKE_SYMLINK_INSTALL=1 -DCMAKE_INSTALL_PREFIX=/home/hemanthros/scara_robot_ws/scara_ws/install/scara_robot
[0.154s] -- The C compiler identification is GNU 11.4.0
[0.271s] -- The CXX compiler identification is GNU 11.4.0
[0.280s] -- Detecting C compiler ABI info
[0.341s] -- Detecting C compiler ABI info - done
[0.345s] -- Check for working C compiler: /usr/bin/cc - skipped
[0.346s] -- Detecting C compile features
[0.346s] -- Detecting C compile features - done
[0.350s] -- Detecting CXX compiler ABI info
[0.414s] -- Detecting CXX compiler ABI info - done
[0.420s] -- Check for working CXX compiler: /usr/bin/c++ - skipped
[0.420s] -- Detecting CXX compile features
[0.420s] -- Detecting CXX compile features - done
[0.424s] -- Found ament_cmake: 1.3.14 (/opt/ros/humble/share/ament_cmake/cmake)
[0.528s] -- Found Python3: /usr/bin/python3 (found version "3.10.12") found components: Interpreter 
[0.581s] -- Override CMake install command with custom implementation using symlinks instead of copying resources
[0.666s] -- Configuring done
[0.667s] -- Generating done
[0.668s] -- Build files have been written to: /home/hemanthros/scara_robot_ws/scara_ws/build/scara_robot
[0.672s] Invoked command in '/home/hemanthros/scara_robot_ws/scara_ws/build/scara_robot' returned '0': CMAKE_PREFIX_PATH=/opt/ros/humble /usr/bin/cmake /home/hemanthros/scara_robot_ws/scara_ws/src/scara_robot -DAMENT_CMAKE_SYMLINK_INSTALL=1 -DCMAKE_INSTALL_PREFIX=/home/hemanthros/scara_robot_ws/scara_ws/install/scara_robot
[0.673s] Invoking command in '/home/hemanthros/scara_robot_ws/scara_ws/build/scara_robot': CMAKE_PREFIX_PATH=/opt/ros/humble /usr/bin/cmake --build /home/hemanthros/scara_robot_ws/scara_ws/build/scara_robot -- -j16 -l16
[0.701s] Invoked command in '/home/hemanthros/scara_robot_ws/scara_ws/build/scara_robot' returned '0': CMAKE_PREFIX_PATH=/opt/ros/humble /usr/bin/cmake --build /home/hemanthros/scara_robot_ws/scara_ws/build/scara_robot -- -j16 -l16
[0.711s] Invoking command in '/home/hemanthros/scara_robot_ws/scara_ws/build/scara_robot': CMAKE_PREFIX_PATH=/opt/ros/humble /usr/bin/cmake --install /home/hemanthros/scara_robot_ws/scara_ws/build/scara_robot
[0.719s] -- Install configuration: ""
[0.719s] -- Execute custom install script
[0.719s] -- Symlinking: /home/hemanthros/scara_robot_ws/scara_ws/install/scara_robot/share/scara_robot/urdf/SCARA URDF.csv
[0.727s] -- Symlinking: /home/hemanthros/scara_robot_ws/scara_ws/install/scara_robot/share/scara_robot/urdf/SCARA URDF.urdf
[0.734s] -- Symlinking: /home/hemanthros/scara_robot_ws/scara_ws/install/scara_robot/share/scara_robot/urdf/SCARA URDF_backup.urdf
[0.742s] -- Symlinking: /home/hemanthros/scara_robot_ws/scara_ws/install/scara_robot/share/scara_robot/urdf/SCARA URDF_original.urdf
[0.749s] -- Symlinking: /home/hemanthros/scara_robot_ws/scara_ws/install/scara_robot/share/scara_robot/urdf/scara.urdf.xacro
[0.758s] -- Symlinking: /home/hemanthros/scara_robot_ws/scara_ws/install/scara_robot/share/scara_robot/urdf/scara_gazebo.xacro
[0.763s] -- Symlinking: /home/hemanthros/scara_robot_ws/scara_ws/install/scara_robot/share/scara_robot/urdf/scara_ros2_control.xacro
[0.771s] -- Symlinking: /home/hemanthros/scara_robot_ws/scara_ws/install/scara_robot/share/scara_robot/meshes/1st_Link.STL
[0.778s] -- Symlinking: /home/hemanthros/scara_robot_ws/scara_ws/install/scara_robot/share/scara_robot/meshes/2nd_Link.STL
[0.785s] -- Symlinking: /home/hemanthros/scara_robot_ws/scara_ws/install/scara_robot/share/scara_robot/meshes/3rd_Link.STL
[0.793s] -- Symlinking: /home/hemanthros/scara_robot_ws/scara_ws/install/scara_robot/share/scara_robot/meshes/4th_Link.STL
[0.800s] -- Symlinking: /home/hemanthros/scara_robot_ws/scara_ws/install/scara_robot/share/scara_robot/meshes/Arduino UNO case p1.SLDPRT
[0.808s] -- Symlinking: /home/hemanthros/scara_robot_ws/scara_ws/install/scara_robot/share/scara_robot/meshes/Arduino UNO case p2.SLDPRT
[0.815s] -- Symlinking: /home/hemanthros/scara_robot_ws/scara_ws/install/scara_robot/share/scara_robot/meshes/Arm 1 Cover.SLDPRT
[0.823s] -- Symlinking: /home/hemanthros/scara_robot_ws/scara_ws/install/scara_robot/share/scara_robot/meshes/Arm 1.SLDPRT
[0.829s] -- Symlinking: /home/hemanthros/scara_robot_ws/scara_ws/install/scara_robot/share/scara_robot/meshes/Arm 2 Cover.SLDPRT
[0.837s] -- Symlinking: /home/hemanthros/scara_robot_ws/scara_ws/install/scara_robot/share/scara_robot/meshes/Arm 2.SLDPRT
[0.843s] -- Symlinking: /home/hemanthros/scara_robot_ws/scara_ws/install/scara_robot/share/scara_robot/meshes/Ball Bearing 30x42x7mm.SLDPRT
[0.850s] -- Symlinking: /home/hemanthros/scara_robot_ws/scara_ws/install/scara_robot/share/scara_robot/meshes/Ball Bearing 35x47x7mm.SLDPRT
[0.857s] -- Symlinking: /home/hemanthros/scara_robot_ws/scara_ws/install/scara_robot/share/scara_robot/meshes/Ball Bearing 608 - 8x22x7mm.SLDPRT
[0.863s] -- Symlinking: /home/hemanthros/scara_robot_ws/scara_ws/install/scara_robot/share/scara_robot/meshes/Base cover.SLDPRT
[0.871s] -- Symlinking: /home/hemanthros/scara_robot_ws/scara_ws/install/scara_robot/share/scara_robot/meshes/Base.SLDPRT
[0.876s] -- Symlinking: /home/hemanthros/scara_robot_ws/scara_ws/install/scara_robot/share/scara_robot/meshes/GT2 Belt 200mm.SLDPRT
[0.884s] -- Symlinking: /home/hemanthros/scara_robot_ws/scara_ws/install/scara_robot/share/scara_robot/meshes/GT2 Belt 300mm 2.SLDPRT
[0.890s] -- Symlinking: /home/hemanthros/scara_robot_ws/scara_ws/install/scara_robot/share/scara_robot/meshes/GT2 Belt 300mm.SLDPRT
[0.897s] -- Symlinking: /home/hemanthros/scara_robot_ws/scara_ws/install/scara_robot/share/scara_robot/meshes/GT2 Belt 400mm 2.SLDPRT
[0.904s] -- Symlinking: /home/hemanthros/scara_robot_ws/scara_ws/install/scara_robot/share/scara_robot/meshes/GT2 Belt 400mm.SLDPRT
[0.911s] -- Symlinking: /home/hemanthros/scara_robot_ws/scara_ws/install/scara_robot/share/scara_robot/meshes/GT2 Pulley - 110 teeth - J1.SLDPRT
[0.918s] -- Symlinking: /home/hemanthros/scara_robot_ws/scara_ws/install/scara_robot/share/scara_robot/meshes/GT2 Pulley - 22 - 80 teeth.SLDPRT
[0.924s] -- Symlinking: /home/hemanthros/scara_robot_ws/scara_ws/install/scara_robot/share/scara_robot/meshes/GT2 Pulley - 23 - 80 teeth.SLDPRT
[0.931s] -- Symlinking: /home/hemanthros/scara_robot_ws/scara_ws/install/scara_robot/share/scara_robot/meshes/GT2 Pulley - 90 teeth - J3.SLDPRT
[0.937s] -- Symlinking: /home/hemanthros/scara_robot_ws/scara_ws/install/scara_robot/share/scara_robot/meshes/GT2 Pulley - 92 teeth - J2.SLDPRT
[0.943s] -- Symlinking: /home/hemanthros/scara_robot_ws/scara_ws/install/scara_robot/share/scara_robot/meshes/GT2 Pulley - Parametric.SLDPRT
[0.951s] -- Symlinking: /home/hemanthros/scara_robot_ws/scara_ws/install/scara_robot/share/scara_robot/meshes/Gripper Cover.SLDPRT
[0.956s] -- Symlinking: /home/hemanthros/scara_robot_ws/scara_ws/install/scara_robot/share/scara_robot/meshes/Gripper End.SLDPRT
[0.963s] -- Symlinking: /home/hemanthros/scara_robot_ws/scara_ws/install/scara_robot/share/scara_robot/meshes/Gripper Hand Left.SLDPRT
[0.969s] -- Symlinking: /home/hemanthros/scara_robot_ws/scara_ws/install/scara_robot/share/scara_robot/meshes/Gripper Hand Right.SLDPRT
[0.977s] -- Symlinking: /home/hemanthros/scara_robot_ws/scara_ws/install/scara_robot/share/scara_robot/meshes/Gripper Mechanism Slider.SLDPRT
[0.983s] -- Symlinking: /home/hemanthros/scara_robot_ws/scara_ws/install/scara_robot/share/scara_robot/meshes/Gripper Mechanism.SLDASM
[0.989s] -- Symlinking: /home/hemanthros/scara_robot_ws/scara_ws/install/scara_robot/share/scara_robot/meshes/Gripper link 1.SLDPRT
[0.997s] -- Symlinking: /home/hemanthros/scara_robot_ws/scara_ws/install/scara_robot/share/scara_robot/meshes/Gripper link 2.SLDPRT
[1.004s] -- Symlinking: /home/hemanthros/scara_robot_ws/scara_ws/install/scara_robot/share/scara_robot/meshes/Gripper rail 6mm.SLDPRT
[1.012s] -- Symlinking: /home/hemanthros/scara_robot_ws/scara_ws/install/scara_robot/share/scara_robot/meshes/Gripper to J3 connector.SLDPRT
[1.018s] -- Symlinking: /home/hemanthros/scara_robot_ws/scara_ws/install/scara_robot/share/scara_robot/meshes/J1 coupler.SLDPRT
[1.025s] -- Symlinking: /home/hemanthros/scara_robot_ws/scara_ws/install/scara_robot/share/scara_robot/meshes/J2 Coupler.SLDPRT
[1.032s] -- Symlinking: /home/hemanthros/scara_robot_ws/scara_ws/install/scara_robot/share/scara_robot/meshes/J3 Coupler.SLDPRT
[1.040s] -- Symlinking: /home/hemanthros/scara_robot_ws/scara_ws/install/scara_robot/share/scara_robot/meshes/Lead Screw D8mm L380mm.SLDPRT
[1.048s] -- Symlinking: /home/hemanthros/scara_robot_ws/scara_ws/install/scara_robot/share/scara_robot/meshes/Lead Screw Nut 8mm.SLDPRT
[1.054s] -- Symlinking: /home/hemanthros/scara_robot_ws/scara_ws/install/scara_robot/share/scara_robot/meshes/Linear Bearing 10x19x29mm.SLDPRT
[1.061s] -- Symlinking: /home/hemanthros/scara_robot_ws/scara_ws/install/scara_robot/share/scara_robot/meshes/M4 50mm - Bolts.SLDPRT
[1.068s] -- Symlinking: /home/hemanthros/scara_robot_ws/scara_ws/install/scara_robot/share/scara_robot/meshes/M4 50mm - Bolts.step
[1.076s] -- Symlinking: /home/hemanthros/scara_robot_ws/scara_ws/install/scara_robot/share/scara_robot/meshes/M4 60mm - Bolts.SLDPRT
[1.081s] -- Symlinking: /home/hemanthros/scara_robot_ws/scara_ws/install/scara_robot/share/scara_robot/meshes/M4 60mm - Bolts.step
[1.087s] -- Symlinking: /home/hemanthros/scara_robot_ws/scara_ws/install/scara_robot/share/scara_robot/meshes/M4 Lock nut.SLDPRT
[1.095s] -- Symlinking: /home/hemanthros/scara_robot_ws/scara_ws/install/scara_robot/share/scara_robot/meshes/M4 Lock nut.step
[1.101s] -- Symlinking: /home/hemanthros/scara_robot_ws/scara_ws/install/scara_robot/share/scara_robot/meshes/M8 45mm - Bolts.SLDPRT
[1.109s] -- Symlinking: /home/hemanthros/scara_robot_ws/scara_ws/install/scara_robot/share/scara_robot/meshes/M8 45mm - Bolts.step
[1.116s] -- Symlinking: /home/hemanthros/scara_robot_ws/scara_ws/install/scara_robot/share/scara_robot/meshes/M8 Lock nut.SLDPRT
[1.124s] -- Symlinking: /home/hemanthros/scara_robot_ws/scara_ws/install/scara_robot/share/scara_robot/meshes/M8 Lock nut.step
[1.130s] -- Symlinking: /home/hemanthros/scara_robot_ws/scara_ws/install/scara_robot/share/scara_robot/meshes/M8 Washer.SLDPRT
[1.135s] -- Symlinking: /home/hemanthros/scara_robot_ws/scara_ws/install/scara_robot/share/scara_robot/meshes/Micro switch.SLDPRT
[1.143s] -- Symlinking: /home/hemanthros/scara_robot_ws/scara_ws/install/scara_robot/share/scara_robot/meshes/Micro switch.step
[1.149s] -- Symlinking: /home/hemanthros/scara_robot_ws/scara_ws/install/scara_robot/share/scara_robot/meshes/NEMA 17 Stepper L24mm - 20mm shaft.SLDPRT
[1.157s] -- Symlinking: /home/hemanthros/scara_robot_ws/scara_ws/install/scara_robot/share/scara_robot/meshes/NEMA 17 Stepper L24mm - 20mm shaft.step
[1.163s] -- Symlinking: /home/hemanthros/scara_robot_ws/scara_ws/install/scara_robot/share/scara_robot/meshes/SCARA Robot With Controlled Motion URDF.SLDASM
[1.168s] -- Symlinking: /home/hemanthros/scara_robot_ws/scara_ws/install/scara_robot/share/scara_robot/meshes/SCARA Robot With Controlled Motion.SLDASM
[1.176s] -- Symlinking: /home/hemanthros/scara_robot_ws/scara_ws/install/scara_robot/share/scara_robot/meshes/SCARA Robot.SLDASM
[1.183s] -- Symlinking: /home/hemanthros/scara_robot_ws/scara_ws/install/scara_robot/share/scara_robot/meshes/Servo Holder.SLDPRT
[1.191s] -- Symlinking: /home/hemanthros/scara_robot_ws/scara_ws/install/scara_robot/share/scara_robot/meshes/Servo MG996R Horn.SLDPRT
[1.198s] -- Symlinking: /home/hemanthros/scara_robot_ws/scara_ws/install/scara_robot/share/scara_robot/meshes/Servo MG996R Horn.step
[1.206s] -- Symlinking: /home/hemanthros/scara_robot_ws/scara_ws/install/scara_robot/share/scara_robot/meshes/Servo Motor MG996R 3D Model.SLDPRT
[1.214s] -- Symlinking: /home/hemanthros/scara_robot_ws/scara_ws/install/scara_robot/share/scara_robot/meshes/Servo Motor MG996R 3D Model.step
[1.222s] -- Symlinking: /home/hemanthros/scara_robot_ws/scara_ws/install/scara_robot/share/scara_robot/meshes/Smooth Rod Clamp.SLDPRT
[1.228s] -- Symlinking: /home/hemanthros/scara_robot_ws/scara_ws/install/scara_robot/share/scara_robot/meshes/Smooth Rod D10mm L400mm.SLDPRT
[1.233s] -- Symlinking: /home/hemanthros/scara_robot_ws/scara_ws/install/scara_robot/share/scara_robot/meshes/Stepper NEMA 17 -  20mm shaft.SLDPRT
[1.241s] -- Symlinking: /home/hemanthros/scara_robot_ws/scara_ws/install/scara_robot/share/scara_robot/meshes/Stepper NEMA 17 -  20mm shaft.step
[1.248s] -- Symlinking: /home/hemanthros/scara_robot_ws/scara_ws/install/scara_robot/share/scara_robot/meshes/Thrust Bearing - 40x60x13.SLDPRT
[1.259s] -- Symlinking: /home/hemanthros/scara_robot_ws/scara_ws/install/scara_robot/share/scara_robot/meshes/Thrust Bearing 35x52x12mm.SLDPRT
[1.267s] -- Symlinking: /home/hemanthros/scara_robot_ws/scara_ws/install/scara_robot/share/scara_robot/meshes/Top cover.SLDPRT
[1.274s] -- Symlinking: /home/hemanthros/scara_robot_ws/scara_ws/install/scara_robot/share/scara_robot/meshes/Wide gripper end - Left side.SLDPRT
[1.281s] -- Symlinking: /home/hemanthros/scara_robot_ws/scara_ws/install/scara_robot/share/scara_robot/meshes/Wide gripper end.SLDPRT
[1.288s] -- Symlinking: /home/hemanthros/scara_robot_ws/scara_ws/install/scara_robot/share/scara_robot/meshes/Z-axis Bottom Plate.SLDPRT
[1.295s] -- Symlinking: /home/hemanthros/scara_robot_ws/scara_ws/install/scara_robot/share/scara_robot/meshes/Z-axis Mount Platform.SLDPRT
[1.300s] -- Symlinking: /home/hemanthros/scara_robot_ws/scara_ws/install/scara_robot/share/scara_robot/meshes/Z-axis Top Plate.SLDPRT
[1.305s] -- Symlinking: /home/hemanthros/scara_robot_ws/scara_ws/install/scara_robot/share/scara_robot/meshes/base_link.STL
[1.311s] -- Symlinking: /home/hemanthros/scara_robot_ws/scara_ws/install/scara_robot/share/scara_robot/meshes/left_finger_Link.STL
[1.319s] -- Symlinking: /home/hemanthros/scara_robot_ws/scara_ws/install/scara_robot/share/scara_robot/meshes/right_finger_Link.STL
[1.327s] -- Symlinking: /home/hemanthros/scara_robot_ws/scara_ws/install/scara_robot/share/scara_robot/config/joint_names_SCARA URDF.yaml
[1.335s] -- Symlinking: /home/hemanthros/scara_robot_ws/scara_ws/install/scara_robot/share/scara_robot/launch/gazebo.launch.py
[1.341s] -- Symlinking: /home/hemanthros/scara_robot_ws/scara_ws/install/scara_robot/share/scara_robot/worlds/scara.world.sdf
[1.347s] -- Symlinking: /home/hemanthros/scara_robot_ws/scara_ws/install/scara_robot/share/ament_index/resource_index/package_run_dependencies/scara_robot
[1.353s] -- Symlinking: /home/hemanthros/scara_robot_ws/scara_ws/install/scara_robot/share/ament_index/resource_index/parent_prefix_path/scara_robot
[1.360s] -- Symlinking: /home/hemanthros/scara_robot_ws/scara_ws/install/scara_robot/share/scara_robot/environment/ament_prefix_path.sh
[1.368s] -- Symlinking: /home/hemanthros/scara_robot_ws/scara_ws/install/scara_robot/share/scara_robot/environment/ament_prefix_path.dsv
[1.376s] -- Symlinking: /home/hemanthros/scara_robot_ws/scara_ws/install/scara_robot/share/scara_robot/environment/path.sh
[1.383s] -- Symlinking: /home/hemanthros/scara_robot_ws/scara_ws/install/scara_robot/share/scara_robot/environment/path.dsv
[1.390s] -- Symlinking: /home/hemanthros/scara_robot_ws/scara_ws/install/scara_robot/share/scara_robot/local_setup.bash
[1.395s] -- Symlinking: /home/hemanthros/scara_robot_ws/scara_ws/install/scara_robot/share/scara_robot/local_setup.sh
[1.401s] -- Symlinking: /home/hemanthros/scara_robot_ws/scara_ws/install/scara_robot/share/scara_robot/local_setup.zsh
[1.408s] -- Symlinking: /home/hemanthros/scara_robot_ws/scara_ws/install/scara_robot/share/scara_robot/local_setup.dsv
[1.415s] -- Symlinking: /home/hemanthros/scara_robot_ws/scara_ws/install/scara_robot/share/scara_robot/package.dsv
[1.423s] -- Symlinking: /home/hemanthros/scara_robot_ws/scara_ws/install/scara_robot/share/ament_index/resource_index/packages/scara_robot
[1.430s] -- Symlinking: /home/hemanthros/scara_robot_ws/scara_ws/install/scara_robot/share/scara_robot/cmake/scara_robotConfig.cmake
[1.436s] -- Symlinking: /home/hemanthros/scara_robot_ws/scara_ws/install/scara_robot/share/scara_robot/cmake/scara_robotConfig-version.cmake
[1.442s] -- Symlinking: /home/hemanthros/scara_robot_ws/scara_ws/install/scara_robot/share/scara_robot/package.xml
[1.450s] Invoked command in '/home/hemanthros/scara_robot_ws/scara_ws/build/scara_robot' returned '0': CMAKE_PREFIX_PATH=/opt/ros/humble /usr/bin/cmake --install /home/hemanthros/scara_robot_ws/scara_ws/build/scara_robot
